// Jest Snapshot v1, https://goo.gl/fbAQLP

exports[`Loading render snapshot 1`] = `
<div
  className="loader"
/>
`;
